!Summary output from ISP-PE-1
ISP-PE-1#show run | section interface
interface Loopback0
 ip address 2.115.115.1 255.255.255.255
 ip router isis CORE
interface FastEthernet0/0
 no ip address
 duplex full
interface GigabitEthernet1/0
 description CE1
 ip vrf forwarding CE1
 ip address 10.0.0.1 255.255.255.252
 negotiation auto
interface GigabitEthernet2/0
 description ISP-CORE-1
 ip address 10.115.1.2 255.255.255.252
 ip router isis CORE
 negotiation auto
 mpls ip
 isis network point-to-point
interface GigabitEthernet3/0
 description ISP-PE-3
 ip address 10.115.13.1 255.255.255.252
 ip router isis CORE
 negotiation auto
 mpls ip
 isis network point-to-point
interface GigabitEthernet4/0
 description ISP-PE-2
 ip address 10.115.12.1 255.255.255.252
 ip router isis CORE
 negotiation auto
 mpls ip
 isis network point-to-point
interface GigabitEthernet5/0
 description ISP-PE-4
 ip address 10.115.14.1 255.255.255.252
 ip router isis CORE
 negotiation auto
 mpls ip
 isis network point-to-point
interface GigabitEthernet6/0
 no ip address
 negotiation auto
ISP-PE-1#
ISP-PE-1#show run | s router
 ip router isis CORE
 ip router isis CORE
 ip router isis CORE
 ip router isis CORE
 ip router isis CORE
router isis CORE
 net 49.0001.1150.1150.1151.00
 is-type level-2-only
 metric-style wide
 log-adjacency-changes
router bgp 65000
 bgp log-neighbor-changes
 neighbor 1.115.115.1 remote-as 65000
 neighbor 1.115.115.1 update-source Loopback0
 !
 address-family vpnv4
  neighbor 1.115.115.1 activate
  neighbor 1.115.115.1 send-community extended
 exit-address-family
 !
 address-family ipv4 vrf CE1
  network 10.0.0.0 mask 255.255.255.252
  neighbor 10.0.0.2 remote-as 65001
  neighbor 10.0.0.2 activate
 exit-address-family
mpls ldp router-id Loopback0 force
ISP-PE-1#
ISP-PE-1#sh vrf brief
  Name                             Default RD          Protocols   Interfaces
  CE1                              100:1               ipv4        Gi1/0
ISP-PE-1#
ISP-PE-1#show ip route vrf CE1

Routing Table: CE1
Codes: L - local, C - connected, S - static, R - RIP, M - mobile, B - BGP
       D - EIGRP, EX - EIGRP external, O - OSPF, IA - OSPF inter area
       N1 - OSPF NSSA external type 1, N2 - OSPF NSSA external type 2
       E1 - OSPF external type 1, E2 - OSPF external type 2
       i - IS-IS, su - IS-IS summary, L1 - IS-IS level-1, L2 - IS-IS level-2
       ia - IS-IS inter area, * - candidate default, U - per-user static route
       o - ODR, P - periodic downloaded static route, H - NHRP, l - LISP
       + - replicated route, % - next hop override

Gateway of last resort is not set

      10.0.0.0/8 is variably subnetted, 2 subnets, 2 masks
C        10.0.0.0/30 is directly connected, GigabitEthernet1/0
L        10.0.0.1/32 is directly connected, GigabitEthernet1/0
ISP-PE-1#
ISP-PE-1#show ip route
Codes: L - local, C - connected, S - static, R - RIP, M - mobile, B - BGP
       D - EIGRP, EX - EIGRP external, O - OSPF, IA - OSPF inter area
       N1 - OSPF NSSA external type 1, N2 - OSPF NSSA external type 2
       E1 - OSPF external type 1, E2 - OSPF external type 2
       i - IS-IS, su - IS-IS summary, L1 - IS-IS level-1, L2 - IS-IS level-2
       ia - IS-IS inter area, * - candidate default, U - per-user static route
       o - ODR, P - periodic downloaded static route, H - NHRP, l - LISP
       + - replicated route, % - next hop override

Gateway of last resort is not set

      1.0.0.0/32 is subnetted, 1 subnets
i L2     1.115.115.1 [115/20] via 10.115.1.1, 03:59:03, GigabitEthernet2/0
      2.0.0.0/32 is subnetted, 1 subnets
C        2.115.115.1 is directly connected, Loopback0
      3.0.0.0/32 is subnetted, 1 subnets
i L2     3.115.115.1 [115/20] via 10.115.12.2, 03:58:53, GigabitEthernet4/0
      4.0.0.0/32 is subnetted, 1 subnets
i L2     4.115.115.1 [115/20] via 10.115.13.2, 03:58:53, GigabitEthernet3/0
      5.0.0.0/32 is subnetted, 1 subnets
i L2     5.115.115.1 [115/20] via 10.115.14.2, 03:59:03, GigabitEthernet5/0
      10.0.0.0/8 is variably subnetted, 14 subnets, 2 masks
C        10.115.1.0/30 is directly connected, GigabitEthernet2/0
L        10.115.1.2/32 is directly connected, GigabitEthernet2/0
i L2     10.115.2.0/30 [115/20] via 10.115.12.2, 03:58:53, GigabitEthernet4/0
                       [115/20] via 10.115.1.1, 03:58:53, GigabitEthernet2/0
i L2     10.115.3.0/30 [115/20] via 10.115.13.2, 03:58:53, GigabitEthernet3/0
                       [115/20] via 10.115.1.1, 03:58:53, GigabitEthernet2/0
i L2     10.115.4.0/30 [115/20] via 10.115.14.2, 03:59:03, GigabitEthernet5/0
                       [115/20] via 10.115.1.1, 03:59:03, GigabitEthernet2/0
C        10.115.12.0/30 is directly connected, GigabitEthernet4/0
L        10.115.12.1/32 is directly connected, GigabitEthernet4/0
C        10.115.13.0/30 is directly connected, GigabitEthernet3/0
L        10.115.13.1/32 is directly connected, GigabitEthernet3/0
C        10.115.14.0/30 is directly connected, GigabitEthernet5/0
L        10.115.14.1/32 is directly connected, GigabitEthernet5/0
i L2     10.115.23.0/30 [115/20] via 10.115.13.2, 03:58:53, GigabitEthernet3/0
                        [115/20] via 10.115.12.2, 03:58:53, GigabitEthernet4/0
i L2     10.115.24.0/30 [115/20] via 10.115.14.2, 03:58:53, GigabitEthernet5/0
                        [115/20] via 10.115.12.2, 03:58:53, GigabitEthernet4/0
i L2     10.115.34.0/30 [115/20] via 10.115.14.2, 03:58:53, GigabitEthernet5/0
                        [115/20] via 10.115.13.2, 03:58:53, GigabitEthernet3/0
ISP-PE-1#
ISP-PE-1#show isis neighbor

Tag CORE:
System Id      Type Interface   IP Address      State Holdtime Circuit Id
ISP-CORE-1     L2   Gi2/0       10.115.1.1      UP    23       01
ISP-PE-2       L2   Gi4/0       10.115.12.2     UP    28       01
ISP-PE-3       L2   Gi3/0       10.115.13.2     UP    28       01
ISP-PE-4       L2   Gi5/0       10.115.14.2     UP    25       01
ISP-PE-1#
ISP-PE-1#show isis database

Tag CORE:
IS-IS Level-2 Link State Database:
LSPID                 LSP Seq Num  LSP Checksum  LSP Holdtime      ATT/P/OL
ISP-CORE-1.00-00      0x00000016   0xF317        814               0/0/0
ISP-PE-1.00-00      * 0x00000016   0x136E        1069              0/0/0
ISP-PE-2.00-00        0x00000014   0x9FCB        863               0/0/0
ISP-PE-3.00-00        0x00000015   0x3922        541               0/0/0
ISP-PE-4.00-00        0x00000016   0x490B        896               0/0/0
ISP-PE-1#
ISP-PE-1#show isis topology

Tag CORE:

IS-IS TID 0 paths to level-2 routers
System Id            Metric     Next-Hop             Interface   SNPA
ISP-CORE-1           10         ISP-CORE-1           Gi2/0       ca04.3c3b.001c
ISP-PE-1             --
ISP-PE-2             10         ISP-PE-2             Gi4/0       ca07.3c96.001c
ISP-PE-3             10         ISP-PE-3             Gi3/0       ca06.3c78.001c
ISP-PE-4             10         ISP-PE-4             Gi5/0       ca05.3c5a.001c
ISP-PE-1#
ISP-PE-1#show clns interface
FastEthernet0/0 is up, line protocol is down
  CLNS protocol processing disabled
GigabitEthernet1/0 is up, line protocol is up
  CLNS protocol processing disabled
GigabitEthernet2/0 is up, line protocol is up
  Checksums enabled, MTU 1497, Encapsulation SAP
  ERPDUs enabled, min. interval 10 msec.
  CLNS fast switching enabled
  CLNS SSE switching disabled
  DEC compatibility mode OFF for this interface
  Next ESH/ISH in 45 seconds
  Routing Protocol: IS-IS (CORE)
    Circuit Type: level-1-2
    Interface number 0x1, local circuit ID 0x101
    Neighbor System-ID: ISP-CORE-1
    Level-2 Metric: 10, Priority: 64, Circuit ID: ISP-PE-1.01
    Level-2 IPv6 Metric: 10
    Number of active level-2 adjacencies: 1
    Next IS-IS Hello in 7 seconds
    if state UP
GigabitEthernet3/0 is up, line protocol is up
  Checksums enabled, MTU 1497, Encapsulation SAP
  ERPDUs enabled, min. interval 10 msec.
  CLNS fast switching enabled
  CLNS SSE switching disabled
  DEC compatibility mode OFF for this interface
  Next ESH/ISH in 14 seconds
  Routing Protocol: IS-IS (CORE)
    Circuit Type: level-1-2
    Interface number 0x2, local circuit ID 0x102
    Neighbor System-ID: ISP-PE-3
    Level-2 Metric: 10, Priority: 64, Circuit ID: ISP-PE-3.01
    Level-2 IPv6 Metric: 10
    Number of active level-2 adjacencies: 1
    Next IS-IS Hello in 3 seconds
    if state UP
GigabitEthernet4/0 is up, line protocol is up
  Checksums enabled, MTU 1497, Encapsulation SAP
  ERPDUs enabled, min. interval 10 msec.
  CLNS fast switching enabled
  CLNS SSE switching disabled
  DEC compatibility mode OFF for this interface
  Next ESH/ISH in 16 seconds
  Routing Protocol: IS-IS (CORE)
    Circuit Type: level-1-2
    Interface number 0x3, local circuit ID 0x103
    Neighbor System-ID: ISP-PE-2
    Level-2 Metric: 10, Priority: 64, Circuit ID: ISP-PE-2.01
    Level-2 IPv6 Metric: 10
    Number of active level-2 adjacencies: 1
    Next IS-IS Hello in 5 seconds
    if state UP
GigabitEthernet5/0 is up, line protocol is up
  Checksums enabled, MTU 1497, Encapsulation SAP
  ERPDUs enabled, min. interval 10 msec.
  CLNS fast switching enabled
  CLNS SSE switching disabled
  DEC compatibility mode OFF for this interface
  Next ESH/ISH in 1 seconds
  Routing Protocol: IS-IS (CORE)
    Circuit Type: level-1-2
    Interface number 0x4, local circuit ID 0x104
    Neighbor System-ID: ISP-PE-4
    Level-2 Metric: 10, Priority: 64, Circuit ID: ISP-PE-4.01
    Level-2 IPv6 Metric: 10
    Number of active level-2 adjacencies: 1
    Next IS-IS Hello in 6 seconds
    if state UP
GigabitEthernet6/0 is up, line protocol is up
  CLNS protocol processing disabled
Loopback0 is up, line protocol is up
  Checksums enabled, MTU 1514, Encapsulation LOOPBACK
  ERPDUs enabled, min. interval 10 msec.
  CLNS fast switching disabled
  CLNS SSE switching disabled
  DEC compatibility mode OFF for this interface
  Next ESH/ISH in 27 seconds
  Routing Protocol: IS-IS (CORE)
    Circuit Type: level-1-2
    Interface number 0x0, local circuit ID 0x100
    Level-2 Metric: 10, Priority: 64, Circuit ID: ISP-PE-1.00
    Level-2 IPv6 Metric: 10
    Number of active level-2 adjacencies: 0
    Next IS-IS Hello in 2 seconds
    if state DOWN
ISP-PE-1#
ISP-PE-1#show mpls ldp neighbor
    Peer LDP Ident: 1.115.115.1:0; Local LDP Ident 2.115.115.1:0
        TCP connection: 1.115.115.1.646 - 2.115.115.1.16616
        State: Oper; Msgs sent/rcvd: 292/292; Downstream
        Up time: 03:59:03
        LDP discovery sources:
          GigabitEthernet2/0, Src IP addr: 10.115.1.1
        Addresses bound to peer LDP Ident:
          10.115.1.1      1.115.115.1     10.115.3.1      10.115.2.1
          10.115.4.1
    Peer LDP Ident: 5.115.115.1:0; Local LDP Ident 2.115.115.1:0
        TCP connection: 5.115.115.1.25057 - 2.115.115.1.646
        State: Oper; Msgs sent/rcvd: 289/289; Downstream
        Up time: 03:59:03
        LDP discovery sources:
          GigabitEthernet5/0, Src IP addr: 10.115.14.2
        Addresses bound to peer LDP Ident:
          10.115.14.2     5.115.115.1     10.115.4.2      10.115.34.2
          10.115.24.2
    Peer LDP Ident: 3.115.115.1:0; Local LDP Ident 2.115.115.1:0
        TCP connection: 3.115.115.1.56359 - 2.115.115.1.646
        State: Oper; Msgs sent/rcvd: 291/287; Downstream
        Up time: 03:55:33
        LDP discovery sources:
          GigabitEthernet4/0, Src IP addr: 10.115.12.2
        Addresses bound to peer LDP Ident:
          10.115.12.2     10.115.2.2      10.115.23.1     10.115.24.1
          3.115.115.1
    Peer LDP Ident: 4.115.115.1:0; Local LDP Ident 2.115.115.1:0
        TCP connection: 4.115.115.1.22945 - 2.115.115.1.646
        State: Oper; Msgs sent/rcvd: 286/291; Downstream
        Up time: 03:54:46
        LDP discovery sources:
          GigabitEthernet3/0, Src IP addr: 10.115.13.2
        Addresses bound to peer LDP Ident:
          10.115.13.2     10.115.3.2      10.115.23.2     10.115.34.1
          4.115.115.1
ISP-PE-1#
ISP-PE-1#show mpls interfaces
Interface              IP            Tunnel   BGP Static Operational
GigabitEthernet2/0     Yes (ldp)     No       No  No     Yes
GigabitEthernet3/0     Yes (ldp)     No       No  No     Yes
GigabitEthernet4/0     Yes (ldp)     No       No  No     Yes
GigabitEthernet5/0     Yes (ldp)     No       No  No     Yes
ISP-PE-1#
ISP-PE-1#show mpls ldp bindings
  lib entry: 1.115.115.1/32, rev 14
        local binding:  label: 17
        remote binding: lsr: 5.115.115.1:0, label: 17
        remote binding: lsr: 1.115.115.1:0, label: imp-null
        remote binding: lsr: 3.115.115.1:0, label: 16
        remote binding: lsr: 4.115.115.1:0, label: 20
  lib entry: 2.115.115.1/32, rev 2
        local binding:  label: imp-null
        remote binding: lsr: 5.115.115.1:0, label: 16
        remote binding: lsr: 1.115.115.1:0, label: 17
        remote binding: lsr: 3.115.115.1:0, label: 17
        remote binding: lsr: 4.115.115.1:0, label: 19
  lib entry: 3.115.115.1/32, rev 26
        local binding:  label: 23
        remote binding: lsr: 1.115.115.1:0, label: 23
        remote binding: lsr: 5.115.115.1:0, label: 24
        remote binding: lsr: 3.115.115.1:0, label: imp-null
        remote binding: lsr: 4.115.115.1:0, label: 21
  lib entry: 4.115.115.1/32, rev 28
        local binding:  label: 24
        remote binding: lsr: 1.115.115.1:0, label: 24
        remote binding: lsr: 5.115.115.1:0, label: 23
        remote binding: lsr: 3.115.115.1:0, label: 18
        remote binding: lsr: 4.115.115.1:0, label: imp-null
  lib entry: 5.115.115.1/32, rev 12
        local binding:  label: 16
        remote binding: lsr: 5.115.115.1:0, label: imp-null
        remote binding: lsr: 1.115.115.1:0, label: 16
        remote binding: lsr: 3.115.115.1:0, label: 19
        remote binding: lsr: 4.115.115.1:0, label: 22
  lib entry: 10.115.1.0/30, rev 4
        local binding:  label: imp-null
        remote binding: lsr: 5.115.115.1:0, label: 18
        remote binding: lsr: 1.115.115.1:0, label: imp-null
        remote binding: lsr: 3.115.115.1:0, label: 20
        remote binding: lsr: 4.115.115.1:0, label: 17
  lib entry: 10.115.2.0/30, rev 22
        local binding:  label: 21
        remote binding: lsr: 5.115.115.1:0, label: 21
        remote binding: lsr: 1.115.115.1:0, label: imp-null
        remote binding: lsr: 3.115.115.1:0, label: imp-null
        remote binding: lsr: 4.115.115.1:0, label: 23
  lib entry: 10.115.3.0/30, rev 24
        local binding:  label: 22
        remote binding: lsr: 5.115.115.1:0, label: 22
        remote binding: lsr: 1.115.115.1:0, label: imp-null
        remote binding: lsr: 3.115.115.1:0, label: 21
        remote binding: lsr: 4.115.115.1:0, label: imp-null
  lib entry: 10.115.4.0/30, rev 16
        local binding:  label: 18
        remote binding: lsr: 5.115.115.1:0, label: imp-null
        remote binding: lsr: 1.115.115.1:0, label: imp-null
        remote binding: lsr: 3.115.115.1:0, label: 22
        remote binding: lsr: 4.115.115.1:0, label: 24
  lib entry: 10.115.12.0/30, rev 8
        local binding:  label: imp-null
        remote binding: lsr: 5.115.115.1:0, label: 19
        remote binding: lsr: 1.115.115.1:0, label: 21
        remote binding: lsr: 3.115.115.1:0, label: imp-null
        remote binding: lsr: 4.115.115.1:0, label: 16
  lib entry: 10.115.13.0/30, rev 6
        local binding:  label: imp-null
        remote binding: lsr: 5.115.115.1:0, label: 20
        remote binding: lsr: 1.115.115.1:0, label: 22
        remote binding: lsr: 3.115.115.1:0, label: 23
        remote binding: lsr: 4.115.115.1:0, label: imp-null
  lib entry: 10.115.14.0/30, rev 10
        local binding:  label: imp-null
        remote binding: lsr: 5.115.115.1:0, label: imp-null
        remote binding: lsr: 1.115.115.1:0, label: 18
        remote binding: lsr: 3.115.115.1:0, label: 24
        remote binding: lsr: 4.115.115.1:0, label: 18
  lib entry: 10.115.23.0/30, rev 30
        local binding:  label: 25
        remote binding: lsr: 1.115.115.1:0, label: 25
        remote binding: lsr: 5.115.115.1:0, label: 25
        remote binding: lsr: 3.115.115.1:0, label: imp-null
        remote binding: lsr: 4.115.115.1:0, label: imp-null
  lib entry: 10.115.24.0/30, rev 18
        local binding:  label: 19
        remote binding: lsr: 5.115.115.1:0, label: imp-null
        remote binding: lsr: 1.115.115.1:0, label: 19
        remote binding: lsr: 3.115.115.1:0, label: imp-null
        remote binding: lsr: 4.115.115.1:0, label: 25
  lib entry: 10.115.34.0/30, rev 20
        local binding:  label: 20
        remote binding: lsr: 5.115.115.1:0, label: imp-null
        remote binding: lsr: 1.115.115.1:0, label: 20
        remote binding: lsr: 3.115.115.1:0, label: 25
        remote binding: lsr: 4.115.115.1:0, label: imp-null
ISP-PE-1#
ISP-PE-1#sh mpls forwarding-table
Local      Outgoing   Prefix           Bytes Label   Outgoing   Next Hop
Label      Label      or Tunnel Id     Switched      interface
16         Pop Label  5.115.115.1/32   0             Gi5/0      10.115.14.2
17         Pop Label  1.115.115.1/32   0             Gi2/0      10.115.1.1
18         Pop Label  10.115.4.0/30    0             Gi2/0      10.115.1.1
           Pop Label  10.115.4.0/30    0             Gi5/0      10.115.14.2
19         Pop Label  10.115.24.0/30   0             Gi4/0      10.115.12.2
           Pop Label  10.115.24.0/30   0             Gi5/0      10.115.14.2
20         Pop Label  10.115.34.0/30   0             Gi3/0      10.115.13.2
           Pop Label  10.115.34.0/30   0             Gi5/0      10.115.14.2
21         Pop Label  10.115.2.0/30    0             Gi2/0      10.115.1.1
           Pop Label  10.115.2.0/30    0             Gi4/0      10.115.12.2
22         Pop Label  10.115.3.0/30    0             Gi2/0      10.115.1.1
           Pop Label  10.115.3.0/30    0             Gi3/0      10.115.13.2
23         Pop Label  3.115.115.1/32   0             Gi4/0      10.115.12.2
24         Pop Label  4.115.115.1/32   0             Gi3/0      10.115.13.2
25         Pop Label  10.115.23.0/30   0             Gi4/0      10.115.12.2
           Pop Label  10.115.23.0/30   0             Gi3/0      10.115.13.2
26         No Label   10.0.0.0/30[V]   0             aggregate/CE1
ISP-PE-1#
ISP-PE-1#show ip bgp neighbors
BGP neighbor is 1.115.115.1,  remote AS 65000, internal link
  BGP version 4, remote router ID 1.115.115.1
  BGP state = Established, up for 00:13:09
  Last read 00:00:22, last write 00:00:37, hold time is 180, keepalive interval is 60 seconds
  Neighbor sessions:
    1 active, is not multisession capable (disabled)
  Neighbor capabilities:
    Route refresh: advertised and received(new)
    Four-octets ASN Capability: advertised and received
    Address family IPv4 Unicast: advertised and received
    Address family VPNv4 Unicast: advertised and received
    Enhanced Refresh Capability: advertised and received
    Multisession Capability:
    Stateful switchover support enabled: NO for session 1
  Message statistics:
    InQ depth is 0
    OutQ depth is 0

                         Sent       Rcvd
    Opens:                  1          1
    Notifications:          0          0
    Updates:                3          2
    Keepalives:            16         15
    Route Refresh:          0          0
    Total:                 20         18
  Default minimum time between advertisement runs is 0 seconds

 For address family: IPv4 Unicast
  Session: 1.115.115.1
  BGP table version 1, neighbor version 1/0
  Output queue size : 0
  Index 1, Advertise bit 0
  1 update-group member
  Slow-peer detection is disabled
  Slow-peer split-update-group dynamic is disabled
                                 Sent       Rcvd
  Prefix activity:               ----       ----
    Prefixes Current:               0          0
    Prefixes Total:                 0          0
    Implicit Withdraw:              0          0
    Explicit Withdraw:              0          0
    Used as bestpath:             n/a          0
    Used as multipath:            n/a          0

                                   Outbound    Inbound
  Local Policy Denied Prefixes:    --------    -------
    Total:                                0          0
  Number of NLRIs in the update sent: max 0, min 0
  Last detected as dynamic slow peer: never
  Dynamic slow peer recovered: never
  Refresh Epoch: 1
  Last Sent Refresh Start-of-rib: never
  Last Sent Refresh End-of-rib: never
  Last Received Refresh Start-of-rib: never
  Last Received Refresh End-of-rib: never
                                       Sent       Rcvd
        Refresh activity:              ----       ----
          Refresh Start-of-RIB          0          0
          Refresh End-of-RIB            0          0

 For address family: VPNv4 Unicast
  Session: 1.115.115.1
  BGP table version 2, neighbor version 2/0
  Output queue size : 0
  Index 2, Advertise bit 1
  2 update-group member
  Slow-peer detection is disabled
  Slow-peer split-update-group dynamic is disabled
                                 Sent       Rcvd
  Prefix activity:               ----       ----
    Prefixes Current:               1          0
    Prefixes Total:                 1          0
    Implicit Withdraw:              0          0
    Explicit Withdraw:              0          0
    Used as bestpath:             n/a          0
    Used as multipath:            n/a          0

                                   Outbound    Inbound
  Local Policy Denied Prefixes:    --------    -------
    Total:                                0          0
  Number of NLRIs in the update sent: max 1, min 0
  Last detected as dynamic slow peer: never
  Dynamic slow peer recovered: never
  Refresh Epoch: 1
  Last Sent Refresh Start-of-rib: never
  Last Sent Refresh End-of-rib: never
  Last Received Refresh Start-of-rib: never
  Last Received Refresh End-of-rib: never
                                       Sent       Rcvd
        Refresh activity:              ----       ----
          Refresh Start-of-RIB          0          0
          Refresh End-of-RIB            0          0

  Address tracking is enabled, the RIB does have a route to 1.115.115.1
  Connections established 1; dropped 0
  Last reset never
  Transport(tcp) path-mtu-discovery is enabled
  Graceful-Restart is disabled
Connection state is ESTAB, I/O status: 1, unread input bytes: 0
Connection is ECN Disabled
Mininum incoming TTL 0, Outgoing TTL 255
Local host: 2.115.115.1, Local port: 179
Foreign host: 1.115.115.1, Foreign port: 26677
Connection tableid (VRF): 0

Enqueued packets for retransmit: 0, input: 0  mis-ordered: 0 (0 bytes)

Event Timers (current time is 0xDAFF78):
Timer          Starts    Wakeups            Next
Retrans            17          0             0x0
TimeWait            0          0             0x0
AckHold            17         15             0x0
SendWnd             0          0             0x0
KeepAlive           0          0             0x0
GiveUp              0          0             0x0
PmtuAger            0          0             0x0
DeadWait            0          0             0x0
Linger              0          0             0x0

iss: 1838014369  snduna: 1838014882  sndnxt: 1838014882     sndwnd:  15872
irs: 1927159873  rcvnxt: 1927160276  rcvwnd:      15982  delrcvwnd:    402

SRTT: 269 ms, RTTO: 516 ms, RTV: 247 ms, KRTT: 0 ms
minRTT: 8 ms, maxRTT: 300 ms, ACK hold: 200 ms
Status Flags: passive open, gen tcbs
Option Flags: nagle, path mtu capable

Datagrams (max data segment is 1436 bytes):
Rcvd: 35 (out of order: 0), with data: 18, total data bytes: 402
Sent: 35 (retransmit: 0 fastretransmit: 0),with data: 19, total data bytes: 512


ISP-PE-1#
ISP-PE-1#show ip bgp summary
BGP router identifier 2.115.115.1, local AS number 65000
BGP table version is 1, main routing table version 1

Neighbor        V           AS MsgRcvd MsgSent   TblVer  InQ OutQ Up/Down  State/PfxRcd
1.115.115.1     4        65000      18      20        1    0    0 00:13:09        0
ISP-PE-1#
ISP-PE-1#show ip bgp vpnv4 vrf CE1 summary
BGP router identifier 2.115.115.1, local AS number 65000
BGP table version is 2, main routing table version 2
1 network entries using 156 bytes of memory
2 path entries using 160 bytes of memory
3/1 BGP path/bestpath attribute entries using 432 bytes of memory
1 BGP AS-PATH entries using 24 bytes of memory
1 BGP extended community entries using 24 bytes of memory
0 BGP route-map cache entries using 0 bytes of memory
0 BGP filter-list cache entries using 0 bytes of memory
BGP using 796 total bytes of memory
BGP activity 1/0 prefixes, 2/0 paths, scan interval 60 secs

Neighbor        V           AS MsgRcvd MsgSent   TblVer  InQ OutQ Up/Down  State/PfxRcd
10.0.0.2        4        65001     117     117        2    0    0 01:42:27        1
ISP-PE-1#
ISP-PE-1#show ip bgp vpnv4 vrf CE1 neighbors
BGP neighbor is 10.0.0.2,  vrf CE1,  remote AS 65001, external link
  BGP version 4, remote router ID 172.16.0.2
  BGP state = Established, up for 01:42:27
  Last read 00:00:48, last write 00:00:18, hold time is 180, keepalive interval is 60 seconds
  Neighbor sessions:
    1 active, is not multisession capable (disabled)
  Neighbor capabilities:
    Route refresh: advertised and received(new)
    Four-octets ASN Capability: advertised and received
    Address family IPv4 Unicast: advertised and received
    Enhanced Refresh Capability: advertised and received
    Multisession Capability:
    Stateful switchover support enabled: NO for session 1
  Message statistics:
    InQ depth is 0
    OutQ depth is 0

                         Sent       Rcvd
    Opens:                  1          1
    Notifications:          0          0
    Updates:                2          2
    Keepalives:           114        114
    Route Refresh:          0          0
    Total:                117        117
  Default minimum time between advertisement runs is 0 seconds

 For address family: VPNv4 Unicast
  Translates address family IPv4 Unicast for VRF CE1
  Session: 10.0.0.2
  BGP table version 2, neighbor version 2/0
  Output queue size : 0
  Index 1, Advertise bit 0
  1 update-group member
  Slow-peer detection is disabled
  Slow-peer split-update-group dynamic is disabled
                                 Sent       Rcvd
  Prefix activity:               ----       ----
    Prefixes Current:               1          1 (Consumes 80 bytes)
    Prefixes Total:                 1          1
    Implicit Withdraw:              0          0
    Explicit Withdraw:              0          0
    Used as bestpath:             n/a          0
    Used as multipath:            n/a          0

                                   Outbound    Inbound
  Local Policy Denied Prefixes:    --------    -------
    Total:                                0          0
  Number of NLRIs in the update sent: max 1, min 0
  Last detected as dynamic slow peer: never
  Dynamic slow peer recovered: never
  Refresh Epoch: 1
  Last Sent Refresh Start-of-rib: never
  Last Sent Refresh End-of-rib: never
  Last Received Refresh Start-of-rib: never
  Last Received Refresh End-of-rib: never
                                       Sent       Rcvd
        Refresh activity:              ----       ----
          Refresh Start-of-RIB          0          0
          Refresh End-of-RIB            0          0

  Address tracking is enabled, the RIB does have a route to 10.0.0.2
  Connections established 1; dropped 0
  Last reset never
  Transport(tcp) path-mtu-discovery is enabled
  Graceful-Restart is disabled
Connection state is ESTAB, I/O status: 1, unread input bytes: 0
Connection is ECN Disabled
Mininum incoming TTL 0, Outgoing TTL 1
Local host: 10.0.0.1, Local port: 53724
Foreign host: 10.0.0.2, Foreign port: 179
Connection tableid (VRF): 1

Enqueued packets for retransmit: 0, input: 0  mis-ordered: 0 (0 bytes)

Event Timers (current time is 0xDAFFF0):
Timer          Starts    Wakeups            Next
Retrans           115          0             0x0
TimeWait            0          0             0x0
AckHold           114        111             0x0
SendWnd             0          0             0x0
KeepAlive           0          0             0x0
GiveUp              0          0             0x0
PmtuAger        17272      17271        0xDB007B
DeadWait            0          0             0x0
Linger              0          0             0x0

iss: 1241125014  snduna: 1241127316  sndnxt: 1241127316     sndwnd:  15548
irs: 3460430792  rcvnxt: 3460433094  rcvwnd:      15548  delrcvwnd:    836

SRTT: 300 ms, RTTO: 303 ms, RTV: 3 ms, KRTT: 0 ms
minRTT: 8 ms, maxRTT: 300 ms, ACK hold: 200 ms
Status Flags: none
Option Flags: VRF id set, higher precendence, nagle, path mtu capable

Datagrams (max data segment is 1460 bytes):
Rcvd: 230 (out of order: 0), with data: 116, total data bytes: 2301
Sent: 231 (retransmit: 0 fastretransmit: 0),with data: 116, total data bytes: 2301


ISP-PE-1#
ISP-PE-1#show ip cef
Prefix               Next Hop             Interface
0.0.0.0/0            no route
0.0.0.0/8            drop
0.0.0.0/32           receive
1.115.115.1/32       10.115.1.1           GigabitEthernet2/0
2.115.115.1/32       receive              Loopback0
3.115.115.1/32       10.115.12.2          GigabitEthernet4/0
4.115.115.1/32       10.115.13.2          GigabitEthernet3/0
5.115.115.1/32       10.115.14.2          GigabitEthernet5/0
10.115.1.0/30        attached             GigabitEthernet2/0
10.115.1.0/32        receive              GigabitEthernet2/0
10.115.1.1/32        attached             GigabitEthernet2/0
10.115.1.2/32        receive              GigabitEthernet2/0
10.115.1.3/32        receive              GigabitEthernet2/0
10.115.2.0/30        10.115.1.1           GigabitEthernet2/0
                     10.115.12.2          GigabitEthernet4/0
10.115.3.0/30        10.115.1.1           GigabitEthernet2/0
                     10.115.13.2          GigabitEthernet3/0
10.115.4.0/30        10.115.1.1           GigabitEthernet2/0
                     10.115.14.2          GigabitEthernet5/0
10.115.12.0/30       attached             GigabitEthernet4/0
10.115.12.0/32       receive              GigabitEthernet4/0
10.115.12.1/32       receive              GigabitEthernet4/0
10.115.12.2/32       attached             GigabitEthernet4/0
10.115.12.3/32       receive              GigabitEthernet4/0
10.115.13.0/30       attached             GigabitEthernet3/0
10.115.13.0/32       receive              GigabitEthernet3/0
10.115.13.1/32       receive              GigabitEthernet3/0
10.115.13.2/32       attached             GigabitEthernet3/0
10.115.13.3/32       receive              GigabitEthernet3/0
10.115.14.0/30       attached             GigabitEthernet5/0
10.115.14.0/32       receive              GigabitEthernet5/0
10.115.14.1/32       receive              GigabitEthernet5/0
10.115.14.2/32       attached             GigabitEthernet5/0
10.115.14.3/32       receive              GigabitEthernet5/0
10.115.23.0/30       10.115.12.2          GigabitEthernet4/0
                     10.115.13.2          GigabitEthernet3/0
10.115.24.0/30       10.115.12.2          GigabitEthernet4/0
                     10.115.14.2          GigabitEthernet5/0
10.115.34.0/30       10.115.13.2          GigabitEthernet3/0
                     10.115.14.2          GigabitEthernet5/0
127.0.0.0/8          drop
224.0.0.0/4          drop
224.0.0.0/24         receive
240.0.0.0/4          drop
255.255.255.255/32   receive
ISP-PE-1#
ISP-PE-1#show ip cef vrf CE1
Prefix               Next Hop             Interface
0.0.0.0/0            no route
0.0.0.0/8            drop
0.0.0.0/32           receive
10.0.0.0/30          attached             GigabitEthernet1/0
10.0.0.0/32          receive              GigabitEthernet1/0
10.0.0.1/32          receive              GigabitEthernet1/0
10.0.0.2/32          attached             GigabitEthernet1/0
10.0.0.3/32          receive              GigabitEthernet1/0
127.0.0.0/8          drop
224.0.0.0/4          drop
224.0.0.0/24         receive
240.0.0.0/4          drop
255.255.255.255/32   receive
