!Summary output from ISP-PE-1
ISP-PE-1#show clns interface
FastEthernet0/0 is up, line protocol is down
  CLNS protocol processing disabled
GigabitEthernet1/0 is up, line protocol is up
  CLNS protocol processing disabled
GigabitEthernet2/0 is up, line protocol is up
  Checksums enabled, MTU 1497, Encapsulation SAP
  ERPDUs enabled, min. interval 10 msec.
  CLNS fast switching enabled
  CLNS SSE switching disabled
  DEC compatibility mode OFF for this interface
  Next ESH/ISH in 44 seconds
  Routing Protocol: IS-IS (CORE)
    Circuit Type: level-1-2
    Interface number 0x1, local circuit ID 0x101
    Neighbor System-ID: ISP-CORE-1
    Level-2 Metric: 10, Priority: 64, Circuit ID: ISP-PE-1.01
    Level-2 IPv6 Metric: 10
    Number of active level-2 adjacencies: 1
    Next IS-IS Hello in 7 seconds
    if state UP
GigabitEthernet3/0 is up, line protocol is up
  Checksums enabled, MTU 1497, Encapsulation SAP
  ERPDUs enabled, min. interval 10 msec.
  CLNS fast switching enabled
  CLNS SSE switching disabled
  DEC compatibility mode OFF for this interface
  Next ESH/ISH in 34 seconds
  Routing Protocol: IS-IS (CORE)
    Circuit Type: level-1-2
    Interface number 0x2, local circuit ID 0x102
    Neighbor System-ID: ISP-PE-3
    Level-2 Metric: 10, Priority: 64, Circuit ID: ISP-PE-3.01
    Level-2 IPv6 Metric: 10
    Number of active level-2 adjacencies: 1
    Next IS-IS Hello in 408 milliseconds
    if state UP
GigabitEthernet4/0 is up, line protocol is up
  Checksums enabled, MTU 1497, Encapsulation SAP
  ERPDUs enabled, min. interval 10 msec.
  CLNS fast switching enabled
  CLNS SSE switching disabled
  DEC compatibility mode OFF for this interface
  Next ESH/ISH in 32 seconds
  Routing Protocol: IS-IS (CORE)
    Circuit Type: level-1-2
    Interface number 0x3, local circuit ID 0x103
    Neighbor System-ID: ISP-PE-2
    Level-2 Metric: 10, Priority: 64, Circuit ID: ISP-PE-2.01
    Level-2 IPv6 Metric: 10
    Number of active level-2 adjacencies: 1
    Next IS-IS Hello in 3 seconds
    if state UP
GigabitEthernet5/0 is up, line protocol is up
  Checksums enabled, MTU 1497, Encapsulation SAP
  ERPDUs enabled, min. interval 10 msec.
  CLNS fast switching enabled
  CLNS SSE switching disabled
  DEC compatibility mode OFF for this interface
  Next ESH/ISH in 51 seconds
  Routing Protocol: IS-IS (CORE)
    Circuit Type: level-1-2
    Interface number 0x4, local circuit ID 0x104
    Neighbor System-ID: ISP-PE-4
    Level-2 Metric: 10, Priority: 64, Circuit ID: ISP-PE-4.01
    Level-2 IPv6 Metric: 10
    Number of active level-2 adjacencies: 1
    Next IS-IS Hello in 2 seconds
    if state UP
GigabitEthernet6/0 is up, line protocol is up
  CLNS protocol processing disabled
Loopback0 is up, line protocol is up
  Checksums enabled, MTU 1514, Encapsulation LOOPBACK
  ERPDUs enabled, min. interval 10 msec.
  CLNS fast switching disabled
  CLNS SSE switching disabled
  DEC compatibility mode OFF for this interface
  Next ESH/ISH in 27 seconds
  Routing Protocol: IS-IS (CORE)
    Circuit Type: level-1-2
    Interface number 0x0, local circuit ID 0x100
    Level-2 Metric: 10, Priority: 64, Circuit ID: ISP-PE-1.00
    Level-2 IPv6 Metric: 10
    Number of active level-2 adjacencies: 0
    Next IS-IS Hello in 8 seconds
    if state DOWN
ISP-PE-1#
ISP-PE-1#show mpls ldp neighbor
    Peer LDP Ident: 1.115.115.1:0; Local LDP Ident 2.115.115.1:0
        TCP connection: 1.115.115.1.646 - 2.115.115.1.16616
        State: Oper; Msgs sent/rcvd: 249/250; Downstream
        Up time: 03:22:07
        LDP discovery sources:
          GigabitEthernet2/0, Src IP addr: 10.115.1.1
        Addresses bound to peer LDP Ident:
          10.115.1.1      1.115.115.1     10.115.3.1      10.115.2.1
          10.115.4.1
    Peer LDP Ident: 5.115.115.1:0; Local LDP Ident 2.115.115.1:0
        TCP connection: 5.115.115.1.25057 - 2.115.115.1.646
        State: Oper; Msgs sent/rcvd: 247/246; Downstream
        Up time: 03:22:06
        LDP discovery sources:
          GigabitEthernet5/0, Src IP addr: 10.115.14.2
        Addresses bound to peer LDP Ident:
          10.115.14.2     5.115.115.1     10.115.4.2      10.115.34.2
          10.115.24.2
    Peer LDP Ident: 3.115.115.1:0; Local LDP Ident 2.115.115.1:0
        TCP connection: 3.115.115.1.56359 - 2.115.115.1.646
        State: Oper; Msgs sent/rcvd: 248/244; Downstream
        Up time: 03:18:37
        LDP discovery sources:
          GigabitEthernet4/0, Src IP addr: 10.115.12.2
        Addresses bound to peer LDP Ident:
          10.115.12.2     10.115.2.2      10.115.23.1     10.115.24.1
          3.115.115.1
    Peer LDP Ident: 4.115.115.1:0; Local LDP Ident 2.115.115.1:0
        TCP connection: 4.115.115.1.22945 - 2.115.115.1.646
        State: Oper; Msgs sent/rcvd: 244/249; Downstream
        Up time: 03:17:50
        LDP discovery sources:
          GigabitEthernet3/0, Src IP addr: 10.115.13.2
        Addresses bound to peer LDP Ident:
          10.115.13.2     10.115.3.2      10.115.23.2     10.115.34.1
          4.115.115.1
ISP-PE-1#
ISP-PE-1#show mpls interfaces
Interface              IP            Tunnel   BGP Static Operational
GigabitEthernet2/0     Yes (ldp)     No       No  No     Yes
GigabitEthernet3/0     Yes (ldp)     No       No  No     Yes
GigabitEthernet4/0     Yes (ldp)     No       No  No     Yes
GigabitEthernet5/0     Yes (ldp)     No       No  No     Yes
ISP-PE-1#
ISP-PE-1#show mpls ldp bindings
  lib entry: 1.115.115.1/32, rev 14
        local binding:  label: 17
        remote binding: lsr: 5.115.115.1:0, label: 17
        remote binding: lsr: 1.115.115.1:0, label: imp-null
        remote binding: lsr: 3.115.115.1:0, label: 16
        remote binding: lsr: 4.115.115.1:0, label: 20
  lib entry: 2.115.115.1/32, rev 2
        local binding:  label: imp-null
        remote binding: lsr: 5.115.115.1:0, label: 16
        remote binding: lsr: 1.115.115.1:0, label: 17
        remote binding: lsr: 3.115.115.1:0, label: 17
        remote binding: lsr: 4.115.115.1:0, label: 19
  lib entry: 3.115.115.1/32, rev 26
        local binding:  label: 23
        remote binding: lsr: 1.115.115.1:0, label: 23
        remote binding: lsr: 5.115.115.1:0, label: 24
        remote binding: lsr: 3.115.115.1:0, label: imp-null
        remote binding: lsr: 4.115.115.1:0, label: 21
  lib entry: 4.115.115.1/32, rev 28
        local binding:  label: 24
        remote binding: lsr: 1.115.115.1:0, label: 24
        remote binding: lsr: 5.115.115.1:0, label: 23
        remote binding: lsr: 3.115.115.1:0, label: 18
        remote binding: lsr: 4.115.115.1:0, label: imp-null
  lib entry: 5.115.115.1/32, rev 12
        local binding:  label: 16
        remote binding: lsr: 5.115.115.1:0, label: imp-null
        remote binding: lsr: 1.115.115.1:0, label: 16
        remote binding: lsr: 3.115.115.1:0, label: 19
        remote binding: lsr: 4.115.115.1:0, label: 22
  lib entry: 10.115.1.0/30, rev 4
        local binding:  label: imp-null
        remote binding: lsr: 5.115.115.1:0, label: 18
        remote binding: lsr: 1.115.115.1:0, label: imp-null
        remote binding: lsr: 3.115.115.1:0, label: 20
        remote binding: lsr: 4.115.115.1:0, label: 17
  lib entry: 10.115.2.0/30, rev 22
        local binding:  label: 21
        remote binding: lsr: 5.115.115.1:0, label: 21
        remote binding: lsr: 1.115.115.1:0, label: imp-null
        remote binding: lsr: 3.115.115.1:0, label: imp-null
        remote binding: lsr: 4.115.115.1:0, label: 23
  lib entry: 10.115.3.0/30, rev 24
        local binding:  label: 22
        remote binding: lsr: 5.115.115.1:0, label: 22
        remote binding: lsr: 1.115.115.1:0, label: imp-null
        remote binding: lsr: 3.115.115.1:0, label: 21
        remote binding: lsr: 4.115.115.1:0, label: imp-null
  lib entry: 10.115.4.0/30, rev 16
        local binding:  label: 18
        remote binding: lsr: 5.115.115.1:0, label: imp-null
        remote binding: lsr: 1.115.115.1:0, label: imp-null
        remote binding: lsr: 3.115.115.1:0, label: 22
        remote binding: lsr: 4.115.115.1:0, label: 24
  lib entry: 10.115.12.0/30, rev 8
        local binding:  label: imp-null
        remote binding: lsr: 5.115.115.1:0, label: 19
        remote binding: lsr: 1.115.115.1:0, label: 21
        remote binding: lsr: 3.115.115.1:0, label: imp-null
        remote binding: lsr: 4.115.115.1:0, label: 16
  lib entry: 10.115.13.0/30, rev 6
        local binding:  label: imp-null
        remote binding: lsr: 5.115.115.1:0, label: 20
        remote binding: lsr: 1.115.115.1:0, label: 22
        remote binding: lsr: 3.115.115.1:0, label: 23
        remote binding: lsr: 4.115.115.1:0, label: imp-null
  lib entry: 10.115.14.0/30, rev 10
        local binding:  label: imp-null
        remote binding: lsr: 5.115.115.1:0, label: imp-null
        remote binding: lsr: 1.115.115.1:0, label: 18
        remote binding: lsr: 3.115.115.1:0, label: 24
        remote binding: lsr: 4.115.115.1:0, label: 18
  lib entry: 10.115.23.0/30, rev 30
        local binding:  label: 25
        remote binding: lsr: 1.115.115.1:0, label: 25
        remote binding: lsr: 5.115.115.1:0, label: 25
        remote binding: lsr: 3.115.115.1:0, label: imp-null
        remote binding: lsr: 4.115.115.1:0, label: imp-null
  lib entry: 10.115.24.0/30, rev 18
        local binding:  label: 19
        remote binding: lsr: 5.115.115.1:0, label: imp-null
        remote binding: lsr: 1.115.115.1:0, label: 19
        remote binding: lsr: 3.115.115.1:0, label: imp-null
        remote binding: lsr: 4.115.115.1:0, label: 25
  lib entry: 10.115.34.0/30, rev 20
        local binding:  label: 20
        remote binding: lsr: 5.115.115.1:0, label: imp-null
        remote binding: lsr: 1.115.115.1:0, label: 20
        remote binding: lsr: 3.115.115.1:0, label: 25
        remote binding: lsr: 4.115.115.1:0, label: imp-null
ISP-PE-1#
ISP-PE-1#sh mpls forwarding-table
Local      Outgoing   Prefix           Bytes Label   Outgoing   Next Hop
Label      Label      or Tunnel Id     Switched      interface
16         Pop Label  5.115.115.1/32   0             Gi5/0      10.115.14.2
17         Pop Label  1.115.115.1/32   0             Gi2/0      10.115.1.1
18         Pop Label  10.115.4.0/30    0             Gi2/0      10.115.1.1
           Pop Label  10.115.4.0/30    0             Gi5/0      10.115.14.2
19         Pop Label  10.115.24.0/30   0             Gi4/0      10.115.12.2
           Pop Label  10.115.24.0/30   0             Gi5/0      10.115.14.2
20         Pop Label  10.115.34.0/30   0             Gi3/0      10.115.13.2
           Pop Label  10.115.34.0/30   0             Gi5/0      10.115.14.2
21         Pop Label  10.115.2.0/30    0             Gi2/0      10.115.1.1
           Pop Label  10.115.2.0/30    0             Gi4/0      10.115.12.2
22         Pop Label  10.115.3.0/30    0             Gi2/0      10.115.1.1
           Pop Label  10.115.3.0/30    0             Gi3/0      10.115.13.2
23         Pop Label  3.115.115.1/32   0             Gi4/0      10.115.12.2
24         Pop Label  4.115.115.1/32   0             Gi3/0      10.115.13.2
25         Pop Label  10.115.23.0/30   0             Gi4/0      10.115.12.2
           Pop Label  10.115.23.0/30   0             Gi3/0      10.115.13.2
ISP-PE-1#
ISP-PE-1#show ip bgp neighbors
ISP-PE-1#
ISP-PE-1#show ip bgp summary
ISP-PE-1#
ISP-PE-1#show ip bgp vpnv4 vrf CE1 summary
BGP router identifier 2.115.115.1, local AS number 65000
BGP table version is 2, main routing table version 2
1 network entries using 156 bytes of memory
2 path entries using 160 bytes of memory
3/1 BGP path/bestpath attribute entries using 432 bytes of memory
1 BGP AS-PATH entries using 24 bytes of memory
1 BGP extended community entries using 24 bytes of memory
0 BGP route-map cache entries using 0 bytes of memory
0 BGP filter-list cache entries using 0 bytes of memory
BGP using 796 total bytes of memory
BGP activity 1/0 prefixes, 2/0 paths, scan interval 60 secs

Neighbor        V           AS MsgRcvd MsgSent   TblVer  InQ OutQ Up/Down  State/PfxRcd
10.0.0.2        4        65001      77      76        2    0    0 01:05:30        1
ISP-PE-1#
ISP-PE-1#show ip bgp vpnv4 vrf CE1 neighbors
BGP neighbor is 10.0.0.2,  vrf CE1,  remote AS 65001, external link
  BGP version 4, remote router ID 172.16.0.2
  BGP state = Established, up for 01:05:30
  Last read 00:00:01, last write 00:00:43, hold time is 180, keepalive interval is 60 seconds
  Neighbor sessions:
    1 active, is not multisession capable (disabled)
  Neighbor capabilities:
    Route refresh: advertised and received(new)
    Four-octets ASN Capability: advertised and received
    Address family IPv4 Unicast: advertised and received
    Enhanced Refresh Capability: advertised and received
    Multisession Capability:
    Stateful switchover support enabled: NO for session 1
  Message statistics:
    InQ depth is 0
    OutQ depth is 0

                         Sent       Rcvd
    Opens:                  1          1
    Notifications:          0          0
    Updates:                2          2
    Keepalives:            73         74
    Route Refresh:          0          0
    Total:                 76         77
  Default minimum time between advertisement runs is 0 seconds

 For address family: VPNv4 Unicast
  Translates address family IPv4 Unicast for VRF CE1
  Session: 10.0.0.2
  BGP table version 2, neighbor version 2/0
  Output queue size : 0
  Index 1, Advertise bit 0
  1 update-group member
  Slow-peer detection is disabled
  Slow-peer split-update-group dynamic is disabled
                                 Sent       Rcvd
  Prefix activity:               ----       ----
    Prefixes Current:               1          1 (Consumes 80 bytes)
    Prefixes Total:                 1          1
    Implicit Withdraw:              0          0
    Explicit Withdraw:              0          0
    Used as bestpath:             n/a          0
    Used as multipath:            n/a          0

                                   Outbound    Inbound
  Local Policy Denied Prefixes:    --------    -------
    Total:                                0          0
  Number of NLRIs in the update sent: max 1, min 0
  Last detected as dynamic slow peer: never
  Dynamic slow peer recovered: never
  Refresh Epoch: 1
  Last Sent Refresh Start-of-rib: never
  Last Sent Refresh End-of-rib: never
  Last Received Refresh Start-of-rib: never
  Last Received Refresh End-of-rib: never
                                       Sent       Rcvd
        Refresh activity:              ----       ----
          Refresh Start-of-RIB          0          0
          Refresh End-of-RIB            0          0

  Address tracking is enabled, the RIB does have a route to 10.0.0.2
  Connections established 1; dropped 0
  Last reset never
  Transport(tcp) path-mtu-discovery is enabled
  Graceful-Restart is disabled
Connection state is ESTAB, I/O status: 1, unread input bytes: 0
Connection is ECN Disabled
Mininum incoming TTL 0, Outgoing TTL 1
Local host: 10.0.0.1, Local port: 53724
Foreign host: 10.0.0.2, Foreign port: 179
Connection tableid (VRF): 1

Enqueued packets for retransmit: 0, input: 0  mis-ordered: 0 (0 bytes)

Event Timers (current time is 0xB92F20):
Timer          Starts    Wakeups            Next
Retrans            74          0             0x0
TimeWait            0          0             0x0
AckHold            74         71             0x0
SendWnd             0          0             0x0
KeepAlive           0          0             0x0
GiveUp              0          0             0x0
PmtuAger         9983       9982        0xB92FE3
DeadWait            0          0             0x0
Linger              0          0             0x0

iss: 1241125014  snduna: 1241126537  sndnxt: 1241126537     sndwnd:  16327
irs: 3460430792  rcvnxt: 3460432334  rcvwnd:      16308  delrcvwnd:     76

SRTT: 300 ms, RTTO: 303 ms, RTV: 3 ms, KRTT: 0 ms
minRTT: 8 ms, maxRTT: 300 ms, ACK hold: 200 ms
Status Flags: none
Option Flags: VRF id set, higher precendence, nagle, path mtu capable

Datagrams (max data segment is 1460 bytes):
Rcvd: 149 (out of order: 0), with data: 76, total data bytes: 1541
Sent: 150 (retransmit: 0 fastretransmit: 0),with data: 75, total data bytes: 1522


ISP-PE-1#
ISP-PE-1#show ip cef
Prefix               Next Hop             Interface
0.0.0.0/0            no route
0.0.0.0/8            drop
0.0.0.0/32           receive
1.115.115.1/32       10.115.1.1           GigabitEthernet2/0
2.115.115.1/32       receive              Loopback0
3.115.115.1/32       10.115.12.2          GigabitEthernet4/0
4.115.115.1/32       10.115.13.2          GigabitEthernet3/0
5.115.115.1/32       10.115.14.2          GigabitEthernet5/0
10.115.1.0/30        attached             GigabitEthernet2/0
10.115.1.0/32        receive              GigabitEthernet2/0
10.115.1.1/32        attached             GigabitEthernet2/0
10.115.1.2/32        receive              GigabitEthernet2/0
10.115.1.3/32        receive              GigabitEthernet2/0
10.115.2.0/30        10.115.1.1           GigabitEthernet2/0
                     10.115.12.2          GigabitEthernet4/0
10.115.3.0/30        10.115.1.1           GigabitEthernet2/0
                     10.115.13.2          GigabitEthernet3/0
10.115.4.0/30        10.115.1.1           GigabitEthernet2/0
                     10.115.14.2          GigabitEthernet5/0
10.115.12.0/30       attached             GigabitEthernet4/0
10.115.12.0/32       receive              GigabitEthernet4/0
10.115.12.1/32       receive              GigabitEthernet4/0
10.115.12.2/32       attached             GigabitEthernet4/0
10.115.12.3/32       receive              GigabitEthernet4/0
10.115.13.0/30       attached             GigabitEthernet3/0
10.115.13.0/32       receive              GigabitEthernet3/0
10.115.13.1/32       receive              GigabitEthernet3/0
10.115.13.2/32       attached             GigabitEthernet3/0
10.115.13.3/32       receive              GigabitEthernet3/0
10.115.14.0/30       attached             GigabitEthernet5/0
10.115.14.0/32       receive              GigabitEthernet5/0
10.115.14.1/32       receive              GigabitEthernet5/0
10.115.14.2/32       attached             GigabitEthernet5/0
10.115.14.3/32       receive              GigabitEthernet5/0
10.115.23.0/30       10.115.12.2          GigabitEthernet4/0
                     10.115.13.2          GigabitEthernet3/0
10.115.24.0/30       10.115.12.2          GigabitEthernet4/0
                     10.115.14.2          GigabitEthernet5/0
10.115.34.0/30       10.115.13.2          GigabitEthernet3/0
                     10.115.14.2          GigabitEthernet5/0
127.0.0.0/8          drop
224.0.0.0/4          drop
224.0.0.0/24         receive
240.0.0.0/4          drop
255.255.255.255/32   receive
ISP-PE-1#
ISP-PE-1#show ip cef vrf CE1
Prefix               Next Hop             Interface
0.0.0.0/0            no route
0.0.0.0/8            drop
0.0.0.0/32           receive
10.0.0.0/30          attached             GigabitEthernet1/0
10.0.0.0/32          receive              GigabitEthernet1/0
10.0.0.1/32          receive              GigabitEthernet1/0
10.0.0.2/32          attached             GigabitEthernet1/0
10.0.0.3/32          receive              GigabitEthernet1/0
127.0.0.0/8          drop
224.0.0.0/4          drop
224.0.0.0/24         receive
240.0.0.0/4          drop
255.255.255.255/32   receive
